<?xml version="1.0" encoding="utf-8"?><testsuites><testsuite name="pytest" errors="0" failures="0" skipped="0" tests="4" time="0.912" timestamp="2025-01-16T12:58:20.627818-03:00" hostname="LAPTOP-7PIM7GUU"><testcase classname="tests.api.test_api.TestBatchPipeline" name="test_should_failed_unkown_column_1" time="0.080" /><testcase classname="tests.api.test_api.TestBatchPipeline" name="test_should_failed_unkown_column_2" time="0.004" /><testcase classname="tests.api.test_api.TestBatchPipeline" name="test_should_failed_unkown_column_3" time="0.003" /><testcase classname="tests.api.test_api.TestBatchPipeline" name="test_should_get_predict" time="0.005" /></testsuite></testsuites>